// Jest Snapshot v1, https://goo.gl/fbAQLP

exports[`ListPreviewElement should render correctly. 1`] = `
<ListPreviewElement
  isHighlighted={false}
  theme={
    Object {
      "listPreviewElement": "listPreviewElementClassName",
      "listPreviewElement--isDisabled": "disabledClassName",
      "listPreviewElement--isHighlighted": "highlightedClassName",
      "listPreviewElement__icon": "iconClassName",
    }
  }
>
  Foo Children
</ListPreviewElement>
`;
