// Jest Snapshot v1, https://goo.gl/fbAQLP

exports[`<Bar/> should render correctly. 1`] = `
<div
  className=""
>
  Foo children
</div>
`;
