// Jest Snapshot v1, https://goo.gl/fbAQLP

exports[`<Tabs/> should render correctly. 1`] = `
<div
  className="baseTabsClassName"
  role="tablist"
>
  <ul
    className="baseTabsNavigationClassName"
  >
    <TabMenuItem
      icon="level-up"
      index={0}
      isActive={true}
      key="0"
      onClick={[Function]}
      theme={
        Object {
          "tabNavigation": "baseTabsNavigationClassName",
          "tabNavigation__item": "baseTabsNavigationItemClassName",
          "tabNavigation__item--isActive": "activeTabsNavigationItemClassName",
          "tabNavigation__itemBtn": "baseTabsNavigationItemBtnClassName",
          "tabNavigation__itemBtnIcon": "baseTabsNavigationItemBtnIconClassName",
          "tabNavigation__itemBtnIcon--hasLabel": "baseTabsNavigationItemBtnIconWithLabelClassName",
          "tabs": "baseTabsClassName",
          "tabs__content": "basTabsContentsClassName",
        }
      }
      title="foo 1"
    />
    <TabMenuItem
      icon="level-down"
      index={1}
      isActive={false}
      key="1"
      onClick={[Function]}
      theme={
        Object {
          "tabNavigation": "baseTabsNavigationClassName",
          "tabNavigation__item": "baseTabsNavigationItemClassName",
          "tabNavigation__item--isActive": "activeTabsNavigationItemClassName",
          "tabNavigation__itemBtn": "baseTabsNavigationItemBtnClassName",
          "tabNavigation__itemBtnIcon": "baseTabsNavigationItemBtnIconClassName",
          "tabNavigation__itemBtnIcon--hasLabel": "baseTabsNavigationItemBtnIconWithLabelClassName",
          "tabs": "baseTabsClassName",
          "tabs__content": "basTabsContentsClassName",
        }
      }
      title="foo 2"
    />
    <TabMenuItem
      icon="mobile"
      index={2}
      isActive={false}
      key="2"
      onClick={[Function]}
      theme={
        Object {
          "tabNavigation": "baseTabsNavigationClassName",
          "tabNavigation__item": "baseTabsNavigationItemClassName",
          "tabNavigation__item--isActive": "activeTabsNavigationItemClassName",
          "tabNavigation__itemBtn": "baseTabsNavigationItemBtnClassName",
          "tabNavigation__itemBtnIcon": "baseTabsNavigationItemBtnIconClassName",
          "tabNavigation__itemBtnIcon--hasLabel": "baseTabsNavigationItemBtnIconWithLabelClassName",
          "tabs": "baseTabsClassName",
          "tabs__content": "basTabsContentsClassName",
        }
      }
      title="foo 3"
    />
  </ul>
  <div
    className="basTabsContentsClassName"
  >
    <div
      aria-hidden="false"
      key="0/.0"
      role="tabpanel"
      style={
        Object {
          "display": "block",
        }
      }
    >
      <ThemedPanel
        composeTheme="deeply"
        icon="level-up"
        mapThemrProps={[Function]}
        theme={
          Object {
            "panel": "panelBaseClassName",
          }
        }
        title="foo 1"
      >
        Foo 1
      </ThemedPanel>
    </div>
    <div
      aria-hidden="true"
      key="1/.1"
      role="tabpanel"
      style={
        Object {
          "display": "none",
        }
      }
    />
    <div
      aria-hidden="true"
      key="2/.2"
      role="tabpanel"
      style={
        Object {
          "display": "none",
        }
      }
    />
  </div>
</div>
`;
