// Jest Snapshot v1, https://goo.gl/fbAQLP

exports[`imageByUuid selector should return function that returns image data for a given uuid in the given state 1`] = `
Immutable.Map {
  "status": "LOADED",
  "some": "value",
}
`;

exports[`imageLookup selector should return function that returns image data for the given state and uuid 1`] = `
Immutable.Map {
  "status": "LOADED",
  "some": "value",
}
`;
