// Jest Snapshot v1, https://goo.gl/fbAQLP

exports[`<SelectBox_Option_SingleLine/> should render correctly. 1`] = `
<ThemedListPreviewElement
  className=""
  composeTheme="deeply"
  icon="level-up"
  isHighlighted={false}
  mapThemrProps={[Function]}
  onClick={[MockFunction]}
>
  <span>
    Foo label
  </span>
</ThemedListPreviewElement>
`;
