// Jest Snapshot v1, https://goo.gl/fbAQLP

exports[`<TextInput/> should render correctly. 1`] = `
<div>
  <input
    TooltipComponent={[Function]}
    aria-disabled="false"
    aria-multiline="false"
    className=""
    onChange={[Function]}
    onKeyPress={[Function]}
    role="textbox"
  />
</div>
`;
