// Jest Snapshot v1, https://goo.gl/fbAQLP

exports[`<MultiSelectBox/> should render correctly. 1`] = `
<div
  className="wrapperClassName"
>
  <ul
    className="selectedOptionsClassName"
  >
    <MultiSelectBox_ListPreviewSortable
      ListPreviewElement={[Function]}
      allowEmpty={true}
      createNewLabel="create new label"
      disabled={false}
      displayLoadingIndicator={false}
      displaySearchBox={false}
      dndType="multiselect-box-value"
      onCreateNew={[MockFunction]}
      onSearchTermChange={[MockFunction]}
      onValuesChange={[MockFunction]}
      optionValueAccessor={[Function]}
      optionValueField="value"
      options={Array []}
      scrollable={true}
      searchTerm=""
      setFocus={true}
      values={Array []}
    />
  </ul>
  <KeyBoardHelper
    ListPreviewElement={[Function]}
    allowEmpty={true}
    createNewLabel="create new label"
    disabled={false}
    displayLoadingIndicator={false}
    displaySearchBox={false}
    dndType="multiselect-box-value"
    onCreateNew={[MockFunction]}
    onSearchTermChange={[MockFunction]}
    onValueChange={[Function]}
    onValuesChange={[MockFunction]}
    optionValueField="value"
    options={Array []}
    scrollable={true}
    searchTerm=""
    setFocus={true}
    value=""
    values={Array []}
  />
</div>
`;
