// Jest Snapshot v1, https://goo.gl/fbAQLP

exports[`<DefaultSelectBoxOption/> should render correctly. 1`] = `
<SelectBoxOption
  IconComponent={[Function]}
  label="Foo label"
  onClick={[Function]}
  option={Object {}}
  theme={Object {}}
>
  <span />
</SelectBoxOption>
`;
