// Jest Snapshot v1, https://goo.gl/fbAQLP

exports[`<SelectBox/> should render correctly. 1`] = `undefined`;
