// Jest Snapshot v1, https://goo.gl/fbAQLP

exports[`<ShallowDropDownContents/> should render correctly. 1`] = `
<ul
  aria-hidden="true"
  aria-label="dropdown"
  className="baseDropDownContentsClassName"
  onClick={[MockFunction]}
  role="listbox"
/>
`;
