// Jest Snapshot v1, https://goo.gl/fbAQLP

exports[`<DropDownWrapper/> should render correctly. 1`] = `
<WrappedStatelessDropDownWrapperWithoutClickOutsideBehavior
  isOpen={false}
  onClose={[Function]}
  onToggle={[Function]}
  style="default"
  theme={Object {}}
>
  Foo children
</WrappedStatelessDropDownWrapperWithoutClickOutsideBehavior>
`;
